     --------------------------------------------------
     |       _____                _____ _______       |
     |      /  _  |         /\   |  __ \__   __|      |
     |      | (_) |  ___   /  \  | |__) | | |         |
     |      |  ___/ |___| / /\ \ |  _  /  | |         |
     |      | |          / ____ \| | \ \  | |         |
     |      |_|         /_/    \_\_|  \_\ |_|         |
     |                                    ARTn plugin |
     --------------------------------------------------
      
                    INPUT PARAMETERS                   
     --------------------------------------------------
     engine_units: qe
     Verbosity Level:  1
     --------------------------------------------------
     Simulation Parameters:
     --------------------------------------------------
             * Iterators Parameter: 
               ninit           =      2
               nperp           =      4      8     12     16     -1
               neigen          =      1
               nsmooth         =      0
             * Threshold Parameter: 
               converge_property = maxval
               init_forc_thr     =  0.010  Ry/a.u.
               forc_thr          =  0.001  Ry/a.u.
               fpara_thr         =  0.005  Ry/a.u.
               eigval_thr        = -0.010  Ry/a.u.**2
               frelax_ene_thr    =  0.000  Ry
             * Step size Parameter: 
               push_step_size  =   0.40  a.u.
               eigen_step_size =   0.20  a.u.
               push_over       =  1.000  fraction of eigen_step_size
               push_mode       =   list
     --------------------------------------------------
     Lanczos algorithm:
     --------------------------------------------------
               lanczos_max_size   =     16
               lanczos_disp           =  0.1000E-01  a.u.
               lanczos_eval_conv_thr   =  0.1000E-01
     --------------------------------------------------



     |> ARTn research : 1 0
     --------------------------------------------------
     istep    ART_step    Etot     init/eign/perp/lanc/relx     Ftot       Fperp      Fpara     eigval      delr  npart evalf  a1
                           [Ry]                               -----------[Ry/a.u.]-----------  [Ry/a.u.**2]   [a.u.]
        0   Bstep void    0.0000     0    0    0    0    0     0.0001     0.0000     0.0001     0.0000     0.0000     0     1   0.00
        1   Bstep/init    0.0090     1    0    4    0    0     0.0361     0.0121     0.0361     0.0000     0.4261     1     6   0.00
        2   Bstep/init    0.0164     2    0    4    0    0     0.0032     0.0012     0.0032     0.0000     0.8253     4    11   0.00
        3   Sstep/eign    0.0165     2    1    0    8    0     0.0009     0.0009     0.0003    -0.1474     0.8060     4    20   0.06
     --------------------------------------------------
     |> ARTn found a potential saddle point | E_saddle - E_initial =     0.01648 Ry
     |> Stored in Configuration Files: * Start: initp.xsf | sad0001.xsf
     --------------------------------------------------
     |> DEBRIEF(SADDLE) | dE=      0.01648 Ry | F_{tot,para,perp}=      0.00093      0.00026      0.00092 Ry/a.u. | EigenVal=     -0.14737 Ry/a.u.**2 | npart=   4.  | delr=      0.80603 a.u. | evalf=   20. |
     --------------------------------------------------
     |> Pushing forward to a minimum  ***      
     -------------------------------------------------
     |> number of steps: 19
        3   Rstep relx    0.0004     2    1    1    0    5     0.0152     0.0143     0.0147    -0.1474     0.0000     0    26   0.06
        3   Rstep relx    0.0000     2    1    1    0   10     0.0039     0.0039     0.0027    -0.1474     0.0000     0    31   0.06
        3   Rstep relx    0.0000     2    1    1    0   15     0.0033     0.0033     0.0021    -0.1474     0.0000     0    36   0.06
        3   Rstep relx    0.0000     2    1    1    0   20     0.0012     0.0012     0.0001    -0.1474     0.0000     0    41   0.06
        3   Rstep/relx    0.0000     2    1    0    0   21     0.0007     0.0007     0.0005    -0.1474     1.3598     4    42   0.06
     --------------------------------------------------
     |> ARTn converged to a forward minimum | backward E_act =     0.01648 Ry
     --------------------------------------------------
     |> number of steps: 41
     |> DEBRIEF(RELX:1) | dE=      0.00000 Ry | F_{tot,para,perp}=      0.00074      0.00047      0.00074 Ry/a.u. | EigenVal=     -0.14737 Ry/a.u.**2 | npart=   4.  | delr=      1.35981 a.u. | evalf=   42. |
     --------------------------------------------------
        3   Sstep relx    0.0165     2    1    1    0    0     0.0018     0.0018     0.0003    -0.1474     0.0000     0    43   0.06
        3   Rstep relx    0.0003     2    1    1    0    5     0.0124     0.0123     0.0126    -0.1474     0.0000     0    49   0.06
        3   Rstep relx    0.0000     2    1    1    0   10     0.0040     0.0017     0.0040    -0.1474     0.0000     0    54   0.06
        3   Rstep relx    0.0000     2    1    1    0   15     0.0015     0.0007     0.0014    -0.1474     0.0000     0    59   0.06
        3   Rstep/relx    0.0000     2    1    0    0   16     0.0009     0.0009     0.0008    -0.1474     0.4482     4    60   0.06
     --------------------------------------------------
     |> ARTn converged to a backward minimum::
     --------------------------------------------------
               forward  E_act =     0.01648 Ry
               backward E_act =     0.01648 Ry
               reaction dE    =     0.00000 Ry
               dEinit - dEfinal    =    -0.00001 Ry
     --------------------------------------------------
     |> Configuration Files: * Start: initp.xsf | sad0001.xsf | min0001.xsf | min0002.xsf
     --------------------------------------------------
     |> DEBRIEF(RELX:2) | dE=      0.00001 Ry | F_{tot,para,perp}=      0.00087      0.00082      0.00088 Ry/a.u. | EigenVal=     -0.14737 Ry/a.u.**2 | npart=   4.  | delr=      0.44816 a.u. | evalf=   60. |
     --------------------------------------------------
     ifail:  0 * Start: initp.xsf | sad0001.xsf | min0001.xsf | min0002.xsf
     |> BLOCK FINALIZE..
     |> number of steps: 59
     |> Initial Configuration loaded...
     !> CLEANING ARTn | Fail: 0
     --------------------------------------------------


