     --------------------------------------------------
     |       _____                _____ _______       |
     |      /  _  |         /\   |  __ \__   __|      |
     |      | (_) |  ___   /  \  | |__) | | |         |
     |      |  ___/ |___| / /\ \ |  _  /  | |         |
     |      | |          / ____ \| | \ \  | |         |
     |      |_|         /_/    \_\_|  \_\ |_|         |
     |                                    ARTn plugin |
     --------------------------------------------------
      
                    INPUT PARAMETERS                   
     --------------------------------------------------
     engine_units: lammps/metal
     Verbosity Level:  1
     --------------------------------------------------
     Simulation Parameters:
     --------------------------------------------------
             * Iterators Parameter: 
               ninit           =      3
               nperp           =      4      8     12     16     -1
               neigen          =      1
               nsmooth         =      2
             * Threshold Parameter: 
               converge_property = maxval
               init_forc_thr     =  0.257  eV/Ang
               forc_thr          =  0.010  eV/Ang
               fpara_thr         =  0.129  eV/Ang
               eigval_thr        = -0.486  eV/Ang**2
               frelax_ene_thr    = -0.005  eV
             * Step size Parameter: 
               push_step_size  =   0.30  Ang
               eigen_step_size =   0.20  Ang
               push_over       =  1.500  fraction of eigen_step_size
               push_mode       =   list
     --------------------------------------------------
     Lanczos algorithm:
     --------------------------------------------------
               lanczos_max_size   =     16
               lanczos_disp           =  0.2000E-01  Ang
               lanczos_eval_conv_thr   =  0.1000E-01
     --------------------------------------------------



     |> ARTn research : 1 0
     --------------------------------------------------
     istep    ART_step    Etot     init/eign/perp/lanc/relx     Ftot       Fperp      Fpara     eigval      delr  npart evalf  a1
                           [eV]                               -----------[eV/Ang]-----------  [eV/Ang**2]   [Ang]
        0   Bstep void    0.0000     0    0    0    0    0     0.0003     0.0003     0.0001     0.0000     0.0000     0     1   0.00
        1   Bstep/init    0.0029     1    0    4    0    0     0.1137     0.0386     0.1123     0.0000     0.0444     0     6   0.00
        2   Bstep/init    0.0117     2    0    4    0    0     0.2251     0.0818     0.2227     0.0000     0.0887     0    11   0.00
        3   Bstep/init    0.0272     3    0    4    0    0     0.3400     0.1299     0.3353     0.0000     0.1331     1    16   0.00
        4   Bstep/init    0.0474     4    0    4   17    0     0.4458     0.1833     0.4405     0.0055     0.1774     1    38   0.34
        5   Bstep/init    0.0729     5    0    4   17    0     0.5467     0.2423     0.5435    -0.0000     0.2218     1    60   0.99
        6   Bstep/init    0.1022     6    0    4   17    0     0.6440     0.3071     0.6415     0.0000     0.2662     1    82   1.00
        7   Bstep/init    0.1363     7    0    4   17    0     0.7409     0.3781     0.7387     0.0000     0.3106     1   104   1.00
        8   Bstep/init    0.1740     8    0    4   17    0     0.8368     0.4553     0.8358     0.0000     0.3550     1   126   1.00
        9   Bstep/init    0.2167     9    0    4   17    0     0.9289     0.5389     0.9307     0.0000     0.3994     1   148   1.00
       10   Bstep/init    0.2629    10    0    4    4    0     1.0185     0.6289     1.0236    -0.0000     0.4439     1   157   1.00
       11   Bstep/init    0.3131    11    0    4   14    0     1.1075     0.7253     1.1157    -0.1397     0.4884     1   176   0.00
       12   Bstep/init    0.3666    12    0    4    5    0     1.1918     0.8278     1.2057    -0.1998     0.5329     1   186   1.00
       13   Bstep/init    0.4228    13    0    4    5    0     1.2737     0.9361     1.2930    -0.3536     0.5775     1   196   0.99
       14   Bstep/init    0.4825    14    0    4    5    0     1.3565     1.0498     1.3814    -0.4049     0.6221     1   206   1.00
       15   Sstep/smth    0.5917    14    1    4    4    0     1.4295     1.3898     0.8859    -0.6537     0.7309     1   215   1.00
       16   Sstep/smth    0.5820    14    1    8    5    0     1.2508     1.2239     0.3272    -0.9240     0.8299     1   229   0.99
       17   Sstep/eign    0.4867    14    1   12    5    0     0.9152     0.7523     0.2294    -1.0942     0.9089     2   247   0.99
       18   Sstep/eign    0.4031    14    1   16    5    0     0.5578     0.3416     0.2162    -0.8295     0.9976     4   269   0.99
       19   Sstep/eign    0.3759    14    1   19    2    0     0.3392     0.1595     0.1797    -0.8301     1.1003     4   291   1.00
       20   Sstep/eign    0.4018    14    1    0    5    0     0.2804     0.1358     0.1484    -0.8382     1.1979     4   297   0.98
       21   Sstep/eign    0.3940    14    1   21    4    0     0.1661     0.0920     0.0942    -0.9456     1.3055     5   323   1.00
       22   Sstep/eign    0.3779    14    1   28    2    0     0.0165     0.0115     0.0137    -0.9412     1.4714     7   354   1.00
       23   Sstep/eign    0.3763    14    1   18    5    0     0.0099     0.0099     0.0016    -0.6479     1.5009     7   378   0.99
     --------------------------------------------------
     |> ARTn found a potential saddle point | E_saddle - E_initial =     0.37627 eV
     |> Stored in Configuration Files: * Start: initp.xyz | sad0001.xyz
     --------------------------------------------------
     |> DEBRIEF(SADDLE) | dE=      0.37627 eV | F_{tot,para,perp}=      0.00987      0.00157      0.00991 eV/Ang | EigenVal=     -0.64791 eV/Ang**2 | npart=   7.  | delr=      1.50092 Ang | evalf=  378. |
     --------------------------------------------------
     |> Pushing forward to a minimum  ***      
     -------------------------------------------------
     |> number of steps: 377
       23   Rstep relx    0.1929    14    1   19    0    5     0.2162     0.0837     0.2048    -0.6479     0.0000     0   384   0.99
       23   Rstep relx    0.0421    14    1   19    0   10     0.1530     0.0717     0.1680    -0.6479     0.0000     0   389   0.99
       23   Rstep relx    0.0472    14    1   19    0   15     0.0975     0.0725     0.1142    -0.6479     0.0000     0   394   0.99
       23   Rstep relx    0.0408    14    1   19    0   20     0.0719     0.0536     0.0867    -0.6479     0.0000     0   399   0.99
       23   Rstep relx    0.0303    14    1   19    0   25     0.0308     0.0308     0.0122    -0.6479     0.0000     0   404   0.99
       23   Rstep relx    0.0199    14    1   19    0   30     0.0457     0.0121     0.0412    -0.6479     0.0000     0   409   0.99
       23   Rstep relx    0.0079    14    1   19    0   35     0.0087     0.0087     0.0009    -0.6479     0.0000     0   414   0.99
       23   Rstep/relx    0.0079    14    1    0    0   35     0.0087     0.0087     0.0009    -0.6479     2.7061     3   414   0.99
     --------------------------------------------------
     |> ARTn converged to a forward minimum | backward E_act =     0.36835 eV
     --------------------------------------------------
     |> number of steps: 413
     |> DEBRIEF(RELX:1) | dE=      0.00792 eV | F_{tot,para,perp}=      0.00872      0.00093      0.00873 eV/Ang | EigenVal=     -0.64791 eV/Ang**2 | npart=   3.  | delr=      2.70609 Ang | evalf=  414. |
     --------------------------------------------------
       23   Sstep relx    0.3780    14    1   19    0    0     0.0242     0.0242     0.0078    -0.6479     0.0000     0   415   0.99
       23   Rstep relx    0.2003    14    1   19    0    5     0.2190     0.0725     0.2140    -0.6479     0.0000     0   421   0.99
       23   Rstep relx    0.0426    14    1   19    0   10     0.1493     0.0763     0.1601    -0.6479     0.0000     0   426   0.99
       23   Rstep relx    0.0473    14    1   19    0   15     0.0908     0.0730     0.1017    -0.6479     0.0000     0   431   0.99
       23   Rstep relx    0.0413    14    1   19    0   20     0.0605     0.0574     0.0696    -0.6479     0.0000     0   436   0.99
       23   Rstep relx    0.0301    14    1   19    0   25     0.0318     0.0318     0.0037    -0.6479     0.0000     0   441   0.99
       23   Rstep relx    0.0191    14    1   19    0   30     0.0467     0.0124     0.0453    -0.6479     0.0000     0   446   0.99
       23   Rstep relx    0.0073    14    1   19    0   35     0.0087     0.0087     0.0014    -0.6479     0.0000     0   451   0.99
       23   Rstep/relx    0.0073    14    1    0    0   35     0.0087     0.0087     0.0014    -0.6479     0.2640     0   451   0.99
     --------------------------------------------------
     |> ARTn converged to a backward minimum::
     --------------------------------------------------
               forward  E_act =     0.36895 eV
               backward E_act =     0.36835 eV
               reaction dE    =    -0.00060 eV
               dEinit - dEfinal    =    -0.00732 eV
     --------------------------------------------------
     |> Configuration Files: * Start: initp.xyz | sad0001.xyz | min0001.xyz | min0002.xyz
     --------------------------------------------------
     |> DEBRIEF(RELX:2) | dE=      0.00732 eV | F_{tot,para,perp}=      0.00869      0.00140      0.00870 eV/Ang | EigenVal=     -0.64791 eV/Ang**2 | npart=   0.  | delr=      0.26397 Ang | evalf=  451. |
     --------------------------------------------------
     ifail:  0 * Start: initp.xyz | sad0001.xyz | min0001.xyz | min0002.xyz
     |> BLOCK FINALIZE..
     |> number of steps: 450
     !> CLEANING ARTn | Fail: 0
     --------------------------------------------------


