     --------------------------------------------------
     |       _____                _____ _______       |
     |      /  _  |         /\   |  __ \__   __|      |
     |      | (_) |  ___   /  \  | |__) | | |         |
     |      |  ___/ |___| / /\ \ |  _  /  | |         |
     |      | |          / ____ \| | \ \  | |         |
     |      |_|         /_/    \_\_|  \_\ |_|         |
     |                                    ARTn plugin |
     --------------------------------------------------
      
                    INPUT PARAMETERS                   
     --------------------------------------------------
     engine_units: lammps/metal
     Verbosity Level:  1
     --------------------------------------------------
     Simulation Parameters:
     --------------------------------------------------
             * Iterators Parameter: 
               ninit           =      1
               nperp           =      4      8     12     16     -1
               neigen          =      1
               nsmooth         =      2
             * Threshold Parameter: 
               converge_property = norm  
               init_forc_thr     =  0.257  eV/Ang
               forc_thr          =  0.001  eV/Ang
               fpara_thr         =  0.129  eV/Ang
               eigval_thr        = -0.050  eV/Ang**2
               frelax_ene_thr    = -0.000  eV
             * Step size Parameter: 
               push_step_size  =   0.21  Ang
               eigen_step_size =   0.25  Ang
               push_over       =  1.000  fraction of eigen_step_size
               push_mode       =   file
     --------------------------------------------------
     Lanczos algorithm:
     --------------------------------------------------
               lanczos_max_size   =     16
               lanczos_disp           =  0.1000E-03  Ang
               lanczos_eval_conv_thr   =  0.1000E-01
     --------------------------------------------------



     |> ARTn research : 1 0
     --------------------------------------------------
     istep    ART_step    Etot     init/eign/perp/lanc/relx     Ftot       Fperp      Fpara     eigval      delr  npart evalf  a1
                           [eV]                               -----------[eV/Ang]-----------  [eV/Ang**2]   [Ang]
        0   Bstep void    0.0000     0    0    0    0    0     0.0133     0.0133     0.0000     0.0000     0.0000     0     1   0.00
        1   Bstep/init    0.0411     1    0    4    0    0     1.0785     0.7201     0.8028     0.0000     0.1059     0     6   0.00
        2   Bstep/init    0.1635     2    0    4   17    0     2.1823     1.4477     1.6330     0.5472     0.2118     1    28   0.61
        3   Bstep/init    0.3656     3    0    4   14    0     3.3230     2.2003     2.4902     0.3900     0.3180     6    47   0.81
        4   Bstep/init    0.6451     4    0    4    2    0     4.5028     2.9867     3.3698     0.3897     0.4243     6    54   1.00
        5   Bstep/init    0.9979     5    0    4    2    0     5.7157     3.8071     4.2632     0.3891     0.5310     7    61   1.00
        6   Bstep/init    1.4186     6    0    4    2    0     6.9491     4.6554     5.1592     0.3882     0.6380     7    68   1.00
        7   Bstep/init    1.8998     7    0    4    2    0     8.1858     5.5207     6.0440     0.3869     0.7455     7    75   1.00
        8   Bstep/init    2.4330     8    0    4    2    0     9.4062     6.3894     6.9030     0.3853     0.8536     7    82   1.00
        9   Bstep/init    3.0085     9    0    4    2    0    10.5899     7.2469     7.7219     0.3832     0.9624     7    89   1.00
       10   Bstep/init    3.6163    10    0    4    2    0    11.7179     8.0795     8.4871     0.3807     1.0719     7    96   1.00
       11   Bstep/init    4.2463    11    0    4    2    0    12.7734     8.8747     9.1869     0.3778     1.1822     7   103   1.00
       12   Bstep/init    4.8889    12    0    4    2    0    13.7430     9.6226     9.8120     0.3746     1.2933     7   110   1.00
       13   Bstep/init    5.5350    13    0    4    2    0    14.6167    10.3158    10.3553     0.3711     1.4053     9   117   1.00
       14   Sstep/smth    5.1865    13    1    4   17    0    13.1353    12.5925     3.7372    -1.5484     1.4123     9   139   0.13
       15   Sstep/smth    3.6212    13    1    8    5    0     7.9151     7.8731     0.8141    -1.3985     1.3527    10   153   1.00
       16   Sstep/eign    2.2920    13    1   12   14    0     3.8435     3.7222     0.9580    -1.5830     1.3124    11   180   0.43
       17   Sstep/eign    1.5722    13    1   16    5    0     2.1038     1.8799     0.9444    -1.2390     1.2709    12   202   1.00
       18   Sstep/eign    0.7587    13    1   35    5    0     0.6400     0.4193     0.4835    -1.1056     1.4870     6   243   1.00
       19   Sstep/eign    0.8034    13    1   13   10    0     0.5119     0.3605     0.3634    -0.6241     1.5977     6   267   0.95
       20   Sstep/eign    0.8425    13    1   14    5    0     0.4038     0.2827     0.2883    -0.5570     1.7194     5   287   1.00
       21   Sstep/eign    0.8777    13    1   15    6    0     0.3158     0.2183     0.2282    -0.4296     1.8534     5   309   1.00
       22   Sstep/eign    0.9126    13    1   14    9    0     0.2648     0.1849     0.1895    -0.2945     1.9962     7   333   0.99
       23   Sstep/eign    0.9412    13    1   15   10    0     0.2274     0.1598     0.1618    -0.1713     2.1311     6   359   0.99
       24   Sstep/eign    0.9628    13    1   16    8    0     0.1978     0.1398     0.1400    -0.1117     2.2530     6   384   1.00
       25   Sstep/eign    0.9777    13    1   19    8    0     0.1660     0.1170     0.1178    -0.1052     2.3610     7   412   1.00
       26   Sstep/eign    0.9877    13    1   22    7    0     0.1352     0.0947     0.0964    -0.1225     2.4673     9   442   1.00
       27   Sstep/eign    0.9891    13    1   28   11    0     0.0797     0.0546     0.0580    -0.1256     2.5961     9   482   0.99
       28   Sstep/eign    0.9866    13    1   36   12    0     0.0165     0.0096     0.0135    -0.1740     2.6891     6   531   0.97
       29   Sstep/eign    0.9869    13    1   24    6    0     0.0065     0.0045     0.0047    -0.3179     2.7130     7   562   1.00
       30   Sstep/eign    0.9869    13    1   35    3    0     0.0016     0.0010     0.0012    -0.3160     2.7225     6   601   1.00
       31   Sstep/eign    0.9869    13    1    8    2    0     0.0009     0.0009     0.0004    -0.3178     2.7245     6   612   1.00
     --------------------------------------------------
     |> ARTn found a potential saddle point | E_saddle - E_initial =     0.98687 eV
     |> Stored in Configuration Files: * Start: initp.xyz | sad0001.xyz
     --------------------------------------------------
     |> DEBRIEF(SADDLE) | dE=      0.98687 eV | F_{tot,para,perp}=      0.00094      0.00040      0.00085 eV/Ang | EigenVal=     -0.31782 eV/Ang**2 | npart=   6.  | delr=      2.72449 Ang | evalf=  612. |
     --------------------------------------------------
     |> Pushing forward to a minimum  ***      
     -------------------------------------------------
     |> number of steps: 611
       31   Rstep relx    0.9616    13    1    9    0    5     0.4111     0.4064     0.0619    -0.3178     0.0000     0   618   1.00
       31   Rstep relx    0.9602    13    1    9    0   10     0.3873     0.3837     0.0527    -0.3178     0.0000     0   623   1.00
       31   Rstep relx    0.9558    13    1    9    0   15     0.3278     0.3272     0.0208    -0.3178     0.0000     0   628   1.00
       31   Rstep relx    0.9464    13    1    9    0   20     0.2528     0.2479     0.0495    -0.3178     0.0000     0   633   1.00
       31   Rstep relx    0.9314    13    1    9    0   25     0.2199     0.1673     0.1428    -0.3178     0.0000     0   638   1.00
       31   Rstep relx    0.8988    13    1    9    0   30     0.2556     0.1455     0.2102    -0.3178     0.0000     0   643   1.00
       31   Rstep relx    0.8206    13    1    9    0   35     0.2192     0.2122     0.0549    -0.3178     0.0000     0   648   1.00
       31   Rstep relx    0.7875    13    1    9    0   40     0.1108     0.1071     0.0286    -0.3178     0.0000     0   653   1.00
       31   Rstep relx    0.7860    13    1    9    0   45     0.0612     0.0567     0.0230    -0.3178     0.0000     0   658   1.00
       31   Rstep relx    0.7854    13    1    9    0   50     0.0432     0.0432     0.0017    -0.3178     0.0000     0   663   1.00
       31   Rstep relx    0.7850    13    1    9    0   55     0.0230     0.0229     0.0018    -0.3178     0.0000     0   668   1.00
       31   Rstep relx    0.7847    13    1    9    0   60     0.0186     0.0182     0.0042    -0.3178     0.0000     0   673   1.00
       31   Rstep relx    0.7846    13    1    9    0   65     0.0128     0.0110     0.0065    -0.3178     0.0000     0   678   1.00
       31   Rstep relx    0.7846    13    1    9    0   70     0.0062     0.0056     0.0027    -0.3178     0.0000     0   683   1.00
       31   Rstep relx    0.7846    13    1    9    0   75     0.0047     0.0047     0.0007    -0.3178     0.0000     0   688   1.00
       31   Rstep relx    0.7846    13    1    9    0   80     0.0036     0.0033     0.0015    -0.3178     0.0000     0   693   1.00
       31   Rstep relx    0.7846    13    1    9    0   85     0.0016     0.0016     0.0004    -0.3178     0.0000     0   698   1.00
       31   Rstep relx    0.7846    13    1    9    0   90     0.0007     0.0007     0.0001    -0.3178     0.0000     0   703   1.00
       31   Rstep/relx    0.7846    13    1    0    0   90     0.0007     0.0007     0.0001    -0.3178     3.8396     4   703   1.00
     --------------------------------------------------
     |> ARTn converged to a forward minimum | backward E_act =     0.20228 eV
     --------------------------------------------------
     |> number of steps: 702
     |> DEBRIEF(RELX:1) | dE=      0.78459 eV | F_{tot,para,perp}=      0.00073      0.00008      0.00073 eV/Ang | EigenVal=     -0.31782 eV/Ang**2 | npart=   4.  | delr=      3.83963 Ang | evalf=  703. |
     --------------------------------------------------
       31   Sstep relx    0.9869    13    1    9    0    0     0.0013     0.0012     0.0004    -0.3178     0.0000     0   704   1.00
       31   Rstep relx    0.9242    13    1    9    0    5     0.3517     0.3490     0.0433    -0.3178     0.0000     0   710   1.00
       31   Rstep relx    0.7636    13    1    9    0   10     0.7440     0.7410     0.0659    -0.3178     0.0000     0   715   1.00
       31   Rstep relx    0.4231    13    1    9    0   15     1.2347     1.1904     0.3277    -0.3178     0.0000     0   720   1.00
       31   Rstep relx    0.3972    13    1    9    0   20     0.7657     0.7625     0.0693    -0.3178     0.0000     0   725   1.00
       31   Rstep relx    0.3226    13    1    9    0   25     0.5890     0.5857     0.0619    -0.3178     0.0000     0   730   1.00
       31   Rstep relx    0.1828    13    1    9    0   30     0.5194     0.5008     0.1375    -0.3178     0.0000     0   735   1.00
       31   Rstep relx    0.0285    13    1    9    0   35     0.3598     0.3564     0.0495    -0.3178     0.0000     0   740   1.00
       31   Rstep relx    0.0162    13    1    9    0   40     0.2206     0.2191     0.0260    -0.3178     0.0000     0   745   1.00
       31   Rstep relx    0.0065    13    1    9    0   45     0.1558     0.1472     0.0511    -0.3178     0.0000     0   750   1.00
       31   Rstep relx    0.0023    13    1    9    0   50     0.1164     0.1142     0.0227    -0.3178     0.0000     0   755   1.00
       31   Rstep relx    0.0013    13    1    9    0   55     0.0623     0.0619     0.0073    -0.3178     0.0000     0   760   1.00
       31   Rstep relx    0.0005    13    1    9    0   60     0.0447     0.0445     0.0048    -0.3178     0.0000     0   765   1.00
       31   Rstep relx    0.0003    13    1    9    0   65     0.0189     0.0189     0.0011    -0.3178     0.0000     0   770   1.00
       31   Rstep relx    0.0001    13    1    9    0   70     0.0178     0.0176     0.0024    -0.3178     0.0000     0   775   1.00
       31   Rstep relx    0.0000    13    1    9    0   75     0.0155     0.0153     0.0026    -0.3178     0.0000     0   780   1.00
       31   Rstep relx    0.0000    13    1    9    0   80     0.0071     0.0071     0.0004    -0.3178     0.0000     0   785   1.00
       31   Rstep relx    0.0000    13    1    9    0   85     0.0042     0.0042     0.0001    -0.3178     0.0000     0   790   1.00
       31   Rstep relx    0.0000    13    1    9    0   90     0.0036     0.0036     0.0005    -0.3178     0.0000     0   795   1.00
       31   Rstep relx   -0.0000    13    1    9    0   95     0.0021     0.0021     0.0003    -0.3178     0.0000     0   800   1.00
       31   Rstep/relx   -0.0000    13    1    0    0   99     0.0009     0.0009     0.0002    -0.3178     0.0009     0   804   1.00
     --------------------------------------------------
     |> ARTn converged to a backward minimum::
     --------------------------------------------------
               forward  E_act =     0.98687 eV
               backward E_act =     0.20228 eV
               reaction dE    =    -0.78459 eV
               dEinit - dEfinal    =     0.00000 eV
     --------------------------------------------------
     |> Configuration Files: * Start: initp.xyz | sad0001.xyz | min0001.xyz | min0002.xyz
     --------------------------------------------------
     |> DEBRIEF(RELX:2) | dE=     -0.00000 eV | F_{tot,para,perp}=      0.00088      0.00018      0.00087 eV/Ang | EigenVal=     -0.31782 eV/Ang**2 | npart=   0.  | delr=      0.00086 Ang | evalf=  804. |
     --------------------------------------------------
     ifail:  0 * Start: initp.xyz | sad0001.xyz | min0001.xyz | min0002.xyz
     |> BLOCK FINALIZE..
     |> number of steps: 803
     |> Initial Configuration loaded...
       31   Sstep relx    0.0000    13    1    9    0  100     0.0133     0.0133     0.0000    -0.3178     0.0000     0   804   1.00
     !> CLEANING ARTn | Fail: 0
     --------------------------------------------------


