     --------------------------------------------------
     |       _____                _____ _______       |
     |      /  _  |         /\   |  __ \__   __|      |
     |      | (_) |  ___   /  \  | |__) | | |         |
     |      |  ___/ |___| / /\ \ |  _  /  | |         |
     |      | |          / ____ \| | \ \  | |         |
     |      |_|         /_/    \_\_|  \_\ |_|         |
     |                                    ARTn plugin |
     --------------------------------------------------
      
                    INPUT PARAMETERS                   
     --------------------------------------------------
     engine_units: qe
     Verbosity Level:  1
     --------------------------------------------------
     Simulation Parameters:
     --------------------------------------------------
             * Iterators Parameter: 
               ninit           =      3
               nperp           =      4      8     12     16     -1
               neigen          =      1
               nsmooth         =      0
             * Threshold Parameter: 
               converge_property = maxval
               init_forc_thr     =  0.010  Ry/a.u.
               forc_thr          =  0.001  Ry/a.u.
               fpara_thr         =  0.005  Ry/a.u.
               eigval_thr        = -0.010  Ry/a.u.**2
               frelax_ene_thr    =  0.000  Ry
             * Step size Parameter: 
               push_step_size  =   0.40  a.u.
               eigen_step_size =   0.40  a.u.
               push_over       =  1.000  fraction of eigen_step_size
               push_mode       =   list
     --------------------------------------------------
     Lanczos algorithm:
     --------------------------------------------------
               lanczos_max_size   =     16
               lanczos_disp           =  0.1000E-01  a.u.
               lanczos_eval_conv_thr   =  0.1000E-01
     --------------------------------------------------



     |> ARTn research : 1 0
     --------------------------------------------------
     istep    ART_step    Etot     init/eign/perp/lanc/relx     Ftot       Fperp      Fpara     eigval      delr  npart evalf  a1
                           [Ry]                               -----------[Ry/a.u.]-----------  [Ry/a.u.**2]   [a.u.]
        0   Bstep void    0.0000     0    0    0    0    0     0.0007     0.0007     0.0000     0.0000     0.0000     0     1   0.00
        1   Bstep/init    0.0027     1    0    4    0    0     0.0151     0.0026     0.0151     0.0000     0.4253     1     6   0.00
        2   Bstep/init    0.0094     2    0    4    0    0     0.0236     0.0043     0.0236     0.0000     0.8620     5    11   0.00
        3   Bstep/init    0.0182     3    0    4    0    0     0.0263     0.0049     0.0263     0.0000     1.2962     5    16   0.00
        4   Bstep/init    0.0272     4    0    4   17    0     0.0242     0.0045     0.0242     0.0008     1.7211     5    38   0.11
        5   Sstep/eign    0.0345     4    1    0    8    0     0.0176     0.0062     0.0136    -0.0120     2.0781     5    47   0.83
        6   Sstep/eign    0.0396     4    1    0    5    0     0.0095     0.0037     0.0081    -0.0187     2.4456     5    53   0.99
        7   Sstep/eign    0.0399     4    1   12    5    0     0.0010     0.0009     0.0005    -0.0210     2.8385     9    71   0.99
        8   Sstep/eign    0.0399     4    1    1    5    0     0.0010     0.0010     0.0000    -0.0212     2.8584     9    78   0.98
     --------------------------------------------------
     |> ARTn found a potential saddle point | E_saddle - E_initial =     0.03993 Ry
     |> Stored in Configuration Files: * Start: initp.xsf | sad0002.xsf
     --------------------------------------------------
     |> DEBRIEF(SADDLE) | dE=      0.03993 Ry | F_{tot,para,perp}=      0.00099      0.00003      0.00099 Ry/a.u. | EigenVal=     -0.02121 Ry/a.u.**2 | npart=   9.  | delr=      2.85837 a.u. | evalf=   78. |
     --------------------------------------------------
     |> Pushing forward to a minimum  ***      
     -------------------------------------------------
     |> number of steps: 77
        8   Rstep relx    0.0056     4    1    2    0    5     0.0077     0.0074     0.0026    -0.0212     0.0000     0    84   0.98
        8   Rstep relx    0.0041     4    1    2    0   10     0.0073     0.0067     0.0068    -0.0212     0.0000     0    89   0.98
        8   Rstep relx    0.0025     4    1    2    0   15     0.0027     0.0027     0.0010    -0.0212     0.0000     0    94   0.98
        8   Rstep relx    0.0011     4    1    2    0   20     0.0047     0.0020     0.0041    -0.0212     0.0000     0    99   0.98
        8   Rstep/relx    0.0002     4    1    0    0   24     0.0009     0.0009     0.0010    -0.0212     5.3528    11   103   0.98
     --------------------------------------------------
     |> ARTn converged to a forward minimum | backward E_act =     0.03968 Ry
     --------------------------------------------------
     |> number of steps: 102
     |> DEBRIEF(RELX:1) | dE=      0.00024 Ry | F_{tot,para,perp}=      0.00090      0.00099      0.00088 Ry/a.u. | EigenVal=     -0.02121 Ry/a.u.**2 | npart=  11.  | delr=      5.35276 a.u. | evalf=  103. |
     --------------------------------------------------
        8   Sstep relx    0.0401     4    1    2    0    0     0.0017     0.0017     0.0004    -0.0212     0.0000     0   104   0.98
        8   Rstep relx    0.0061     4    1    2    0    5     0.0078     0.0077     0.0008    -0.0212     0.0000     0   110   0.98
        8   Rstep relx    0.0044     4    1    2    0   10     0.0076     0.0071     0.0050    -0.0212     0.0000     0   115   0.98
        8   Rstep relx    0.0028     4    1    2    0   15     0.0030     0.0030     0.0016    -0.0212     0.0000     0   120   0.98
        8   Rstep relx    0.0013     4    1    2    0   20     0.0049     0.0016     0.0043    -0.0212     0.0000     0   125   0.98
        8   Rstep/relx    0.0003     4    1    0    0   24     0.0009     0.0008     0.0011    -0.0212     0.4013     3   129   0.98
     --------------------------------------------------
     |> ARTn converged to a backward minimum::
     --------------------------------------------------
               forward  E_act =     0.03966 Ry
               backward E_act =     0.03968 Ry
               reaction dE    =     0.00003 Ry
               dEinit - dEfinal    =    -0.00027 Ry
     --------------------------------------------------
     |> Configuration Files: * Start: initp.xsf | sad0002.xsf | min0003.xsf | min0004.xsf
     --------------------------------------------------
     |> DEBRIEF(RELX:2) | dE=      0.00027 Ry | F_{tot,para,perp}=      0.00086      0.00109      0.00084 Ry/a.u. | EigenVal=     -0.02121 Ry/a.u.**2 | npart=   3.  | delr=      0.40132 a.u. | evalf=  129. |
     --------------------------------------------------
     ifail:  0 * Start: initp.xsf | sad0002.xsf | min0003.xsf | min0004.xsf
     |> BLOCK FINALIZE..
     |> number of steps: 128
     |> Initial Configuration loaded...
     !> CLEANING ARTn | Fail: 0
     --------------------------------------------------


