     --------------------------------------------------
     |       _____                _____ _______       |
     |      /  _  |         /\   |  __ \__   __|      |
     |      | (_) |  ___   /  \  | |__) | | |         |
     |      |  ___/ |___| / /\ \ |  _  /  | |         |
     |      | |          / ____ \| | \ \  | |         |
     |      |_|         /_/    \_\_|  \_\ |_|         |
     |                                    ARTn plugin |
     --------------------------------------------------
      
                    INPUT PARAMETERS                   
     --------------------------------------------------
     engine_units: qe
     Verbosity Level:  1
     --------------------------------------------------
     Simulation Parameters:
     --------------------------------------------------
             * Iterators Parameter: 
               ninit           =      3
               nperp           =      4      8     12     16     -1
               neigen          =      1
               nsmooth         =      0
             * Threshold Parameter: 
               converge_property = maxval
               init_forc_thr     =  0.010  Ry/a.u.
               forc_thr          =  0.001  Ry/a.u.
               fpara_thr         =  0.005  Ry/a.u.
               eigval_thr        = -0.005  Ry/a.u.**2
               frelax_ene_thr    =  0.000  Ry
             * Step size Parameter: 
               push_step_size  =   0.40  a.u.
               eigen_step_size =   0.40  a.u.
               push_over       =  1.000  fraction of eigen_step_size
               push_mode       =   list
     --------------------------------------------------
     Lanczos algorithm:
     --------------------------------------------------
               lanczos_max_size   =     16
               lanczos_disp           =  0.1000E-01  a.u.
               lanczos_eval_conv_thr   =  0.1000E-01
     --------------------------------------------------



     |> ARTn research : 1 0
     --------------------------------------------------
     istep    ART_step    Etot     init/eign/perp/lanc/relx     Ftot       Fperp      Fpara     eigval      delr  npart evalf  a1
                           [Ry]                               -----------[Ry/a.u.]-----------  [Ry/a.u.**2]   [a.u.]
        0   Bstep void    0.0000     0    0    0    0    0     0.0007     0.0007     0.0000     0.0000     0.0000     0     1   0.00
        1   Bstep/init    0.0044     1    0    4    0    0     0.0081     0.0052     0.0068     0.0000     0.5873     2     6   0.00
        2   Bstep/init    0.0133     2    0    4    0    0     0.0109     0.0071     0.0093     0.0000     1.1964     5    11   0.00
        3   Bstep/init    0.0218     3    0    4    0    0     0.0112     0.0062     0.0082     0.0000     1.8159     8    16   0.00
        4   Sstep/eign    0.0227     3    1    4   16    0     0.0057     0.0043     0.0040    -0.0091     2.1726    12    37   0.15
        5   Sstep/eign    0.0253     3    1    3    5    0     0.0046     0.0027     0.0034    -0.0086     2.5546    12    46   0.99
        6   Sstep/eign    0.0276     3    1    2    6    0     0.0038     0.0024     0.0024    -0.0083     2.9322    17    55   0.99
        7   Sstep/eign    0.0282     3    1    6    7    0     0.0022     0.0014     0.0014    -0.0083     3.3034    19    69   0.97
        8   Sstep/eign    0.0285     3    1    6    7    0     0.0010     0.0010     0.0005    -0.0075     3.5901    19    83   0.97
     --------------------------------------------------
     |> ARTn found a potential saddle point | E_saddle - E_initial =     0.02845 Ry
     |> Stored in Configuration Files: * Start: initp.xsf | sad0001.xsf
     --------------------------------------------------
     |> DEBRIEF(SADDLE) | dE=      0.02845 Ry | F_{tot,para,perp}=      0.00097      0.00047      0.00097 Ry/a.u. | EigenVal=     -0.00753 Ry/a.u.**2 | npart=  19.  | delr=      3.59011 a.u. | evalf=   83. |
     --------------------------------------------------
     |> Pushing forward to a minimum  ***      
     -------------------------------------------------
     |> number of steps: 82
        8   Rstep relx    0.0175     3    1    7    0    5     0.0048     0.0028     0.0037    -0.0075     0.0000     0    89   0.97
        8   Rstep relx    0.0070     3    1    7    0   10     0.0077     0.0065     0.0035    -0.0075     0.0000     0    94   0.97
        8   Rstep relx    0.0068     3    1    7    0   15     0.0072     0.0061     0.0032    -0.0075     0.0000     0    99   0.97
        8   Rstep relx    0.0060     3    1    7    0   20     0.0054     0.0047     0.0020    -0.0075     0.0000     0   104   0.97
        8   Rstep relx    0.0044     3    1    7    0   25     0.0022     0.0022     0.0004    -0.0075     0.0000     0   109   0.97
        8   Rstep relx    0.0022     3    1    7    0   30     0.0024     0.0013     0.0017    -0.0075     0.0000     0   114   0.97
        8   Rstep relx    0.0003     3    1    7    0   35     0.0008     0.0006     0.0004    -0.0075     0.0000     0   119   0.97
        8   Rstep/relx    0.0003     3    1    0    0   35     0.0008     0.0006     0.0004    -0.0075     6.8501    15   119   0.97
     --------------------------------------------------
     |> ARTn converged to a forward minimum | backward E_act =     0.02815 Ry
     --------------------------------------------------
     |> number of steps: 118
     |> DEBRIEF(RELX:1) | dE=      0.00031 Ry | F_{tot,para,perp}=      0.00083      0.00042      0.00061 Ry/a.u. | EigenVal=     -0.00753 Ry/a.u.**2 | npart=  15.  | delr=      6.85010 a.u. | evalf=  119. |
     --------------------------------------------------
        8   Sstep relx    0.0290     3    1    7    0    0     0.0042     0.0043     0.0002    -0.0075     0.0000     0   120   0.97
        8   Rstep relx    0.0156     3    1    7    0    5     0.0051     0.0036     0.0042    -0.0075     0.0000     0   126   0.97
        8   Rstep relx    0.0058     3    1    7    0   10     0.0067     0.0057     0.0030    -0.0075     0.0000     0   131   0.97
        8   Rstep relx    0.0055     3    1    7    0   15     0.0063     0.0053     0.0027    -0.0075     0.0000     0   136   0.97
        8   Rstep relx    0.0049     3    1    7    0   20     0.0048     0.0042     0.0016    -0.0075     0.0000     0   141   0.97
        8   Rstep relx    0.0035     3    1    7    0   25     0.0024     0.0021     0.0005    -0.0075     0.0000     0   146   0.97
        8   Rstep relx    0.0017     3    1    7    0   30     0.0020     0.0013     0.0016    -0.0075     0.0000     0   151   0.97
        8   Rstep relx    0.0002     3    1    7    0   35     0.0009     0.0006     0.0003    -0.0075     0.0000     0   156   0.97
        8   Rstep/relx    0.0002     3    1    0    0   35     0.0009     0.0006     0.0003    -0.0075     0.4421     4   156   0.97
     --------------------------------------------------
     |> ARTn converged to a backward minimum::
     --------------------------------------------------
               forward  E_act =     0.02827 Ry
               backward E_act =     0.02815 Ry
               reaction dE    =    -0.00012 Ry
               dEinit - dEfinal    =    -0.00018 Ry
     --------------------------------------------------
     |> Configuration Files: * Start: initp.xsf | sad0001.xsf | min0001.xsf | min0002.xsf
     --------------------------------------------------
     |> DEBRIEF(RELX:2) | dE=      0.00018 Ry | F_{tot,para,perp}=      0.00085      0.00033      0.00061 Ry/a.u. | EigenVal=     -0.00753 Ry/a.u.**2 | npart=   4.  | delr=      0.44207 a.u. | evalf=  156. |
     --------------------------------------------------
     ifail:  0 * Start: initp.xsf | sad0001.xsf | min0001.xsf | min0002.xsf
     |> BLOCK FINALIZE..
     |> number of steps: 155
     |> Initial Configuration loaded...
     !> CLEANING ARTn | Fail: 0
     --------------------------------------------------


